// Jest Snapshot v1, https://goo.gl/fbAQLP

exports[`Button unit tests Renders with color primary 1`] = `
<DocumentFragment>
  .emotion-0 {
  padding-left: 0.75rem;
  padding-right: 0.75rem;
  padding-top: 0.5rem;
  padding-bottom: 0.5rem;
  border-radius: 0.375rem;
  --tw-text-opacity: 1;
  color: rgba(255, 255, 255, var(--tw-text-opacity));
  --tw-bg-opacity: 1;
  background-color: rgba(147, 51, 234, var(--tw-bg-opacity));
  transition-property: background-color,border-color,color,fill,stroke,opacity,box-shadow,transform;
  transition-timing-function: cubic-bezier(0.4, 0, 0.2, 1);
  transition-duration: 150ms;
}

.emotion-0:hover {
  --tw-bg-opacity: 1;
  background-color: rgba(126, 34, 206, var(--tw-bg-opacity));
}

<button
    class="emotion-0"
  >
    My Button
  </button>
</DocumentFragment>
`;

exports[`Button unit tests Renders with color secondary 1`] = `
<DocumentFragment>
  <button
    class="emotion-0"
  >
    My Button
  </button>
</DocumentFragment>
`;
