// Jest Snapshot v1, https://goo.gl/fbAQLP

exports[`LoginPage unit tests Stores the oauth code when request succeeds 1`] = `
<DocumentFragment>
  .emotion-0 {
  width: 100%;
  -webkit-flex: 1 1 0%;
  -ms-flex: 1 1 0%;
  flex: 1 1 0%;
  --tw-bg-opacity: 1;
  background-color: rgba(255, 255, 255, var(--tw-bg-opacity));
  display: -webkit-box;
  display: -webkit-flex;
  display: -ms-flexbox;
  display: flex;
  -webkit-flex-direction: column;
  -ms-flex-direction: column;
  flex-direction: column;
  padding-left: 2rem;
  padding-right: 2rem;
  padding-top: 2.5rem;
  padding-bottom: 2.5rem;
}

@media (min-width: 768px) {
  .emotion-0 {
    padding-left: 12rem;
    padding-right: 12rem;
    -webkit-box-pack: center;
    -ms-flex-pack: center;
    -webkit-justify-content: center;
    justify-content: center;
  }
}

@media (min-width: 1024px) {
  .emotion-0 {
    width: 33.333333%;
    padding-left: 4rem;
    padding-right: 4rem;
  }
}

.emotion-1 {
  font-size: 2.25rem;
  line-height: 2.5rem;
  --tw-text-opacity: 1;
  color: rgba(39, 39, 42, var(--tw-text-opacity));
  font-weight: 700;
}

@media (min-width: 768px) {
  .emotion-1 {
    font-size: 3rem;
    line-height: 1;
  }
}

.emotion-2 {
  font-size: 1.25rem;
  line-height: 1.75rem;
  --tw-text-opacity: 1;
  color: rgba(113, 113, 122, var(--tw-text-opacity));
  font-weight: 500;
  margin-bottom: 2.5rem;
}

@media (min-width: 768px) {
  .emotion-2 {
    font-size: 1.5rem;
    line-height: 2rem;
  }
}

@media (min-width: 1024px) {
  .emotion-2 {
    margin-bottom: 5rem;
  }
}

.emotion-3 {
  margin-bottom: 1.25rem;
}

@media (min-width: 1024px) {
  .emotion-3 {
    margin-bottom: 2rem;
  }
}

.emotion-4 {
  position: relative;
  outline: 2px solid transparent;
  outline-offset: 2px;
}

.emotion-5 {
  width: 100%;
  position: relative;
}

.emotion-6 {
  width: 100%;
  padding-top: 1rem;
  padding-bottom: 0.5rem;
  padding-left: 0.75rem;
  padding-right: 0.75rem;
  border-width: 1px;
  border-radius: 0.25rem;
  --tw-border-opacity: 1;
  border-color: rgba(156, 163, 175, var(--tw-border-opacity));
  -webkit-appearance: none;
  -moz-appearance: none;
  -ms-appearance: none;
  appearance: none;
  outline: 2px solid transparent;
  outline-offset: 2px;
  transition-property: background-color,border-color,color,fill,stroke;
  transition-timing-function: cubic-bezier(0.4, 0, 0.2, 1);
  transition-duration: 150ms;
}

.emotion-6:focus {
  --tw-border-opacity: 1;
  border-color: rgba(147, 51, 234, var(--tw-border-opacity));
}

.emotion-6:focus+.label {
  --tw-text-opacity: 1;
  color: rgba(147, 51, 234, var(--tw-text-opacity));
  top: 0px;
  --tw-translate-y: 0.125rem;
  font-size: 0.75rem;
  line-height: 1rem;
}

.emotion-6:not(:placeholder-shown) {
  --tw-border-opacity: 1;
  border-color: rgba(147, 51, 234, var(--tw-border-opacity));
}

.emotion-6:not(:placeholder-shown)+.label {
  --tw-text-opacity: 1;
  color: rgba(147, 51, 234, var(--tw-text-opacity));
  top: 0px;
  --tw-translate-y: 0.125rem;
  font-size: 0.75rem;
  line-height: 1rem;
}

.emotion-7 {
  --tw-translate-x: 0;
  --tw-translate-y: -50%;
  --tw-rotate: 0;
  --tw-skew-x: 0;
  --tw-skew-y: 0;
  --tw-scale-x: 1;
  --tw-scale-y: 1;
  -webkit-transform: translateX(var(--tw-translate-x)) translateY(var(--tw-translate-y)) rotate(var(--tw-rotate)) skewX(var(--tw-skew-x)) skewY(var(--tw-skew-y)) scaleX(var(--tw-scale-x)) scaleY(var(--tw-scale-y));
  -moz-transform: translateX(var(--tw-translate-x)) translateY(var(--tw-translate-y)) rotate(var(--tw-rotate)) skewX(var(--tw-skew-x)) skewY(var(--tw-skew-y)) scaleX(var(--tw-scale-x)) scaleY(var(--tw-scale-y));
  -ms-transform: translateX(var(--tw-translate-x)) translateY(var(--tw-translate-y)) rotate(var(--tw-rotate)) skewX(var(--tw-skew-x)) skewY(var(--tw-skew-y)) scaleX(var(--tw-scale-x)) scaleY(var(--tw-scale-y));
  transform: translateX(var(--tw-translate-x)) translateY(var(--tw-translate-y)) rotate(var(--tw-rotate)) skewX(var(--tw-skew-x)) skewY(var(--tw-skew-y)) scaleX(var(--tw-scale-x)) scaleY(var(--tw-scale-y));
  position: absolute;
  top: 50%;
  left: 0.75rem;
  --tw-text-opacity: 1;
  color: rgba(113, 113, 122, var(--tw-text-opacity));
  cursor: text;
  transition-property: all;
  transition-timing-function: cubic-bezier(0.4, 0, 0.2, 1);
  transition-duration: 150ms;
  pointer-events: none;
}

.emotion-8 {
  margin-bottom: 1.25rem;
  margin-bottom: 2rem;
}

@media (min-width: 1024px) {
  .emotion-8 {
    margin-bottom: 2rem;
  }
}

@media (min-width: 1024px) {
  .emotion-8 {
    margin-bottom: 0.5rem;
  }
}

.emotion-13 {
  transition-property: background-color,border-color,color,fill,stroke,opacity,box-shadow,transform;
  transition-timing-function: cubic-bezier(0.4, 0, 0.2, 1);
  transition-duration: 150ms;
  --tw-text-opacity: 1;
  color: rgba(39, 39, 42, var(--tw-text-opacity));
  font-weight: 300;
  font-size: 0.875rem;
  line-height: 1.25rem;
}

.emotion-13:hover {
  --tw-text-opacity: 1;
  color: rgba(113, 113, 122, var(--tw-text-opacity));
}

@media (min-width: 1024px) {
  .emotion-13 {
    font-size: 0.75rem;
    line-height: 1rem;
  }
}

.emotion-14 {
  display: -webkit-box;
  display: -webkit-flex;
  display: -ms-flexbox;
  display: flex;
  -webkit-box-pack: space-evenly;
  -ms-flex-pack: space-evenly;
  -webkit-justify-content: space-evenly;
  justify-content: space-evenly;
  text-align: center;
  -webkit-flex-direction: column;
  -ms-flex-direction: column;
  flex-direction: column;
  -webkit-align-items: stretch;
  -webkit-box-align: stretch;
  -ms-flex-align: stretch;
  align-items: stretch;
  margin-top: 0.75rem;
}

.emotion-14>*:first-child {
  margin-bottom: 1.25rem;
  -webkit-flex: 1 1 0%;
  -ms-flex: 1 1 0%;
  flex: 1 1 0%;
  padding-top: 1rem;
  padding-bottom: 1rem;
  font-weight: 700;
}

.emotion-15 {
  transition-property: background-color,border-color,color,fill,stroke,opacity,box-shadow,transform;
  transition-timing-function: cubic-bezier(0.4, 0, 0.2, 1);
  transition-duration: 150ms;
  padding-left: 0.75rem;
  padding-right: 0.75rem;
  padding-top: 0.5rem;
  padding-bottom: 0.5rem;
  border-radius: 0.375rem;
  --tw-text-opacity: 1;
  color: rgba(255, 255, 255, var(--tw-text-opacity));
  --tw-bg-opacity: 1;
  background-color: rgba(147, 51, 234, var(--tw-bg-opacity));
}

.emotion-15:hover {
  --tw-bg-opacity: 1;
  background-color: rgba(126, 34, 206, var(--tw-bg-opacity));
}

.emotion-16 {
  font-size: 0.875rem;
  line-height: 1.25rem;
  --tw-text-opacity: 1;
  color: rgba(113, 113, 122, var(--tw-text-opacity));
}

.emotion-17 {
  --tw-bg-opacity: 1;
  background-color: rgba(255, 255, 255, var(--tw-bg-opacity));
  text-align: center;
  position: relative;
  margin-top: 1.25rem;
  margin-bottom: 1.25rem;
  --tw-text-opacity: 1;
  color: rgba(113, 113, 122, var(--tw-text-opacity));
}

.emotion-17:before,
.emotion-17:after {
  content: " ";
  height: 1px;
  --tw-bg-opacity: 1;
  background-color: rgba(209, 213, 219, var(--tw-bg-opacity));
  position: absolute;
  top: 50%;
  --tw-translate-y: -50%;
}

.emotion-17:before {
  left: 0px;
  width: 40%;
}

.emotion-17:after {
  right: 0px;
  width: 40%;
}

.emotion-18 {
  transition-property: background-color,border-color,color,fill,stroke,opacity,box-shadow,transform;
  transition-timing-function: cubic-bezier(0.4, 0, 0.2, 1);
  transition-duration: 300ms;
  padding-left: 0.75rem;
  padding-right: 0.75rem;
  padding-top: 0.5rem;
  padding-bottom: 0.5rem;
  border-width: 1px;
  --tw-border-opacity: 1;
  border-color: rgba(156, 163, 175, var(--tw-border-opacity));
  --tw-text-opacity: 1;
  color: rgba(75, 85, 99, var(--tw-text-opacity));
  --tw-bg-opacity: 1;
  background-color: rgba(255, 255, 255, var(--tw-bg-opacity));
  border-radius: 0.375rem;
  display: -webkit-inline-box;
  display: -webkit-inline-flex;
  display: -ms-inline-flexbox;
  display: inline-flex;
  -webkit-align-items: center;
  -webkit-box-align: center;
  -ms-flex-align: center;
  align-items: center;
}

.emotion-18:hover {
  --tw-bg-opacity: 1;
  background-color: rgba(243, 244, 246, var(--tw-bg-opacity));
}

.emotion-18:active {
  --tw-bg-opacity: 1;
  background-color: rgba(209, 213, 219, var(--tw-bg-opacity));
}

.emotion-18>img {
  object-fit: contain;
  height: 2rem;
  margin-right: 0.5rem;
}

<div
    class="emotion-0"
    style="opacity: 0;"
  >
    <h3
      class="emotion-1"
    >
      security.login_page.page_title
    </h3>
    <h4
      class="emotion-2"
    >
      security.login_page.page_subtitle
    </h4>
    <form>
      <div
        class="emotion-3"
      >
        <div
          class="emotion-4"
        >
          <div
            class="emotion-5"
          >
            <input
              class="emotion-6"
              data-testid="input-email"
              name="email"
              placeholder=" "
              type="email"
            />
            <label
              class="label emotion-7"
              data-testid="label-email"
            >
              security.login_page.form.label_email
            </label>
          </div>
        </div>
      </div>
      <div
        class="emotion-8"
      >
        <div
          class="emotion-4"
        >
          <div
            class="emotion-5"
          >
            <input
              class="emotion-6"
              data-testid="input-password"
              name="password"
              placeholder=" "
              type="password"
            />
            <label
              class="label emotion-7"
              data-testid="label-password"
            >
              security.login_page.form.label_password
            </label>
          </div>
        </div>
      </div>
      <a
        class="emotion-13"
        href="/pek"
      >
        security.login_page.form.forgot_password_link
      </a>
      <div
        class="emotion-14"
      >
        <button
          class="emotion-15"
          data-testid="btn-login"
          type="submit"
        >
          security.login_page.form.btn_login
        </button>
        <span
          class="emotion-16"
        >
          security.login_page.form.register_link
        </span>
      </div>
    </form>
    <div>
      <p
        class="emotion-17"
      >
        security.login_page.form.label_or
      </p>
      <a
        class="emotion-18"
        href="http://localhost:8001/actions/security/authentication/oauth/connect/github?_destination=http://localhost:8001/actions/security/authentication/oauth/connected?target=/"
      >
        <img
          alt="GitHub Logo"
          src="gh-logo.png"
        />
        security.login_page.form.oauth_github_login
      </a>
    </div>
  </div>
</DocumentFragment>
`;
