// Jest Snapshot v1, https://goo.gl/fbAQLP

exports[`RegisterPage unit tests Shows a global error on server error 1`] = `
<DocumentFragment>
  .emotion-0 {
  width: 100%;
  -webkit-flex: 1 1 0%;
  -ms-flex: 1 1 0%;
  flex: 1 1 0%;
  --tw-bg-opacity: 1;
  background-color: rgba(255, 255, 255, var(--tw-bg-opacity));
  display: -webkit-box;
  display: -webkit-flex;
  display: -ms-flexbox;
  display: flex;
  -webkit-flex-direction: column;
  -ms-flex-direction: column;
  flex-direction: column;
  padding-left: 2rem;
  padding-right: 2rem;
  padding-top: 2.5rem;
  padding-bottom: 2.5rem;
}

@media (min-width: 768px) {
  .emotion-0 {
    padding-left: 12rem;
    padding-right: 12rem;
    -webkit-box-pack: center;
    -ms-flex-pack: center;
    -webkit-justify-content: center;
    justify-content: center;
  }
}

@media (min-width: 1024px) {
  .emotion-0 {
    width: 33.333333%;
    padding-left: 4rem;
    padding-right: 4rem;
  }
}

.emotion-1 {
  font-size: 2.25rem;
  line-height: 2.5rem;
  --tw-text-opacity: 1;
  color: rgba(63, 63, 70, var(--tw-text-opacity));
  font-weight: 700;
}

@media (min-width: 768px) {
  .emotion-1 {
    font-size: 3rem;
    line-height: 1;
  }
}

.emotion-2 {
  font-size: 1.25rem;
  line-height: 1.75rem;
  --tw-text-opacity: 1;
  color: rgba(161, 161, 170, var(--tw-text-opacity));
  font-weight: 500;
  margin-bottom: 2.5rem;
}

@media (min-width: 768px) {
  .emotion-2 {
    font-size: 1.5rem;
    line-height: 2rem;
  }
}

@media (min-width: 1024px) {
  .emotion-2 {
    margin-bottom: 5rem;
  }
}

.emotion-3 {
  margin-bottom: 1.25rem;
}

@media (min-width: 1024px) {
  .emotion-3 {
    margin-bottom: 2rem;
  }
}

.emotion-4 {
  position: relative;
  outline: 2px solid transparent;
  outline-offset: 2px;
}

.emotion-5 {
  width: 100%;
  position: relative;
}

.emotion-6 {
  width: 100%;
  padding-top: 1rem;
  padding-bottom: 0.5rem;
  padding-left: 0.75rem;
  padding-right: 0.75rem;
  border-width: 1px;
  border-radius: 0.25rem;
  --tw-border-opacity: 1;
  border-color: rgba(156, 163, 175, var(--tw-border-opacity));
  -webkit-appearance: none;
  -moz-appearance: none;
  -ms-appearance: none;
  appearance: none;
  outline: 2px solid transparent;
  outline-offset: 2px;
  transition-property: background-color,border-color,color,fill,stroke;
  transition-timing-function: cubic-bezier(0.4, 0, 0.2, 1);
  transition-duration: 150ms;
}

.emotion-6:focus {
  --tw-border-opacity: 1;
  border-color: rgba(147, 51, 234, var(--tw-border-opacity));
}

.emotion-6:focus+.label {
  --tw-text-opacity: 1;
  color: rgba(147, 51, 234, var(--tw-text-opacity));
  top: 0px;
  --tw-translate-y: 0.125rem;
  font-size: 0.75rem;
  line-height: 1rem;
}

.emotion-6:not(:placeholder-shown) {
  --tw-border-opacity: 1;
  border-color: rgba(147, 51, 234, var(--tw-border-opacity));
}

.emotion-6:not(:placeholder-shown)+.label {
  --tw-text-opacity: 1;
  color: rgba(147, 51, 234, var(--tw-text-opacity));
  top: 0px;
  --tw-translate-y: 0.125rem;
  font-size: 0.75rem;
  line-height: 1rem;
}

.emotion-7 {
  --tw-translate-x: 0;
  --tw-translate-y: -50%;
  --tw-rotate: 0;
  --tw-skew-x: 0;
  --tw-skew-y: 0;
  --tw-scale-x: 1;
  --tw-scale-y: 1;
  -webkit-transform: translateX(var(--tw-translate-x)) translateY(var(--tw-translate-y)) rotate(var(--tw-rotate)) skewX(var(--tw-skew-x)) skewY(var(--tw-skew-y)) scaleX(var(--tw-scale-x)) scaleY(var(--tw-scale-y));
  -moz-transform: translateX(var(--tw-translate-x)) translateY(var(--tw-translate-y)) rotate(var(--tw-rotate)) skewX(var(--tw-skew-x)) skewY(var(--tw-skew-y)) scaleX(var(--tw-scale-x)) scaleY(var(--tw-scale-y));
  -ms-transform: translateX(var(--tw-translate-x)) translateY(var(--tw-translate-y)) rotate(var(--tw-rotate)) skewX(var(--tw-skew-x)) skewY(var(--tw-skew-y)) scaleX(var(--tw-scale-x)) scaleY(var(--tw-scale-y));
  transform: translateX(var(--tw-translate-x)) translateY(var(--tw-translate-y)) rotate(var(--tw-rotate)) skewX(var(--tw-skew-x)) skewY(var(--tw-skew-y)) scaleX(var(--tw-scale-x)) scaleY(var(--tw-scale-y));
  position: absolute;
  top: 50%;
  left: 0.75rem;
  --tw-text-opacity: 1;
  color: rgba(161, 161, 170, var(--tw-text-opacity));
  cursor: text;
  transition-property: all;
  transition-timing-function: cubic-bezier(0.4, 0, 0.2, 1);
  transition-duration: 150ms;
  pointer-events: none;
}

.emotion-18 {
  margin-bottom: 2rem;
}

@media (min-width: 1024px) {
  .emotion-18 {
    margin-bottom: 2rem;
  }
}

.emotion-23 {
  margin-bottom: 2rem;
}

@media (min-width: 1024px) {
  .emotion-23 {
    margin-bottom: 0.5rem;
  }
}

.emotion-28 {
  display: -webkit-box;
  display: -webkit-flex;
  display: -ms-flexbox;
  display: flex;
  -webkit-box-pack: center;
  -ms-flex-pack: center;
  -webkit-justify-content: center;
  justify-content: center;
  margin-bottom: 0.75rem;
}

.emotion-29 {
  display: -webkit-box;
  display: -webkit-flex;
  display: -ms-flexbox;
  display: flex;
  -webkit-box-pack: space-evenly;
  -ms-flex-pack: space-evenly;
  -webkit-justify-content: space-evenly;
  justify-content: space-evenly;
  -webkit-align-items: center;
  -webkit-box-align: center;
  -ms-flex-align: center;
  align-items: center;
  -webkit-flex-direction: column;
  -ms-flex-direction: column;
  flex-direction: column;
}

.emotion-30 {
  transition-property: background-color,border-color,color,fill,stroke,opacity,box-shadow,transform;
  transition-timing-function: cubic-bezier(0.4, 0, 0.2, 1);
  transition-duration: 150ms;
  padding-left: 0.75rem;
  padding-right: 0.75rem;
  padding-top: 0.5rem;
  padding-bottom: 0.5rem;
  border-radius: 0.375rem;
  --tw-text-opacity: 1;
  color: rgba(255, 255, 255, var(--tw-text-opacity));
  --tw-bg-opacity: 1;
  background-color: rgba(147, 51, 234, var(--tw-bg-opacity));
  width: 100%;
  margin-bottom: 1.25rem;
  -webkit-flex: 1 1 0%;
  -ms-flex: 1 1 0%;
  flex: 1 1 0%;
  padding-top: 1rem;
  padding-bottom: 1rem;
  font-weight: 700;
}

.emotion-30:hover {
  --tw-bg-opacity: 1;
  background-color: rgba(126, 34, 206, var(--tw-bg-opacity));
}

.emotion-31 {
  font-size: 0.875rem;
  line-height: 1.25rem;
  --tw-text-opacity: 1;
  color: rgba(161, 161, 170, var(--tw-text-opacity));
}

<div
    class="emotion-0"
    style="opacity: 0;"
  >
    <h1
      class="emotion-1"
    >
      security.register_page.page_title
    </h1>
    <h2
      class="emotion-2"
    >
      security.register_page.page_subtitle
    </h2>
    <form>
      <div
        class="emotion-3"
      >
        <div
          class="emotion-4"
        >
          <div
            class="emotion-5"
          >
            <input
              class="emotion-6"
              data-testid="input-firstName"
              name="firstName"
              placeholder=" "
              type="text"
            />
            <label
              class="label emotion-7"
              data-testid="label-firstName"
            >
              security.register_page.form.label_firstName
            </label>
          </div>
        </div>
      </div>
      <div
        class="emotion-3"
      >
        <div
          class="emotion-4"
        >
          <div
            class="emotion-5"
          >
            <input
              class="emotion-6"
              data-testid="input-lastName"
              name="lastName"
              placeholder=" "
              type="text"
            />
            <label
              class="label emotion-7"
              data-testid="label-lastName"
            >
              security.register_page.form.label_lastName
            </label>
          </div>
        </div>
      </div>
      <div
        class="emotion-3"
      >
        <div
          class="emotion-4"
        >
          <div
            class="emotion-5"
          >
            <input
              class="emotion-6"
              data-testid="input-email"
              name="email"
              placeholder=" "
              type="email"
            />
            <label
              class="label emotion-7"
              data-testid="label-email"
            >
              security.register_page.form.label_email
            </label>
          </div>
        </div>
      </div>
      <div
        class="emotion-18"
      >
        <div
          class="emotion-4"
        >
          <div
            class="emotion-5"
          >
            <input
              class="emotion-6"
              data-testid="input-password"
              name="password"
              placeholder=" "
              type="password"
            />
            <label
              class="label emotion-7"
              data-testid="label-password"
            >
              security.register_page.form.label_password
            </label>
          </div>
        </div>
      </div>
      <div
        class="emotion-23"
      >
        <div
          class="emotion-4"
        >
          <div
            class="emotion-5"
          >
            <input
              class="emotion-6"
              data-testid="input-repeatPassword"
              name="repeatPassword"
              placeholder=" "
              type="password"
            />
            <label
              class="label emotion-7"
              data-testid="label-repeatPassword"
            >
              security.register_page.form.label_repeatPassword
            </label>
          </div>
        </div>
      </div>
      <div
        class="emotion-28"
      />
      <div
        class="emotion-29"
      >
        <button
          class="emotion-30"
          data-testid="btn-register"
          type="submit"
        >
          security.register_page.form.btn_register
        </button>
        <span
          class="emotion-31"
        >
          security.register_page.form.existing_account_link
        </span>
      </div>
    </form>
  </div>
</DocumentFragment>
`;
