// Jest Snapshot v1, https://goo.gl/fbAQLP

exports[`SubTitle unit tests Renders 1`] = `
<DocumentFragment>
  .emotion-0 {
  font-size: 1.25rem;
  line-height: 1.75rem;
  --tw-text-opacity: 1;
  color: rgba(156, 163, 175, var(--tw-text-opacity));
  font-weight: 500;
}

@media (min-width: 768px) {
  .emotion-0 {
    font-size: 1.5rem;
    line-height: 2rem;
  }
}

<h2
    class="emotion-0"
  >
    My SubTitle
  </h2>
</DocumentFragment>
`;
