// Jest Snapshot v1, https://goo.gl/fbAQLP

exports[`ErrorMessage unit tests Displays the error message 1`] = `
<DocumentFragment>
  .emotion-0 {
  --tw-text-opacity: 1;
  color: rgba(220, 38, 38, var(--tw-text-opacity));
  font-size: 0.875rem;
  line-height: 1.25rem;
}

<span
    class="emotion-0"
    data-testid="error-message-my-input"
  >
    error-message
  </span>
</DocumentFragment>
`;
