// Jest Snapshot v1, https://goo.gl/fbAQLP

exports[`Title unit tests Renders 1`] = `
<DocumentFragment>
  .emotion-0 {
  font-size: 2.25rem;
  line-height: 2.5rem;
  --tw-text-opacity: 1;
  color: rgba(63, 63, 70, var(--tw-text-opacity));
  font-weight: 700;
}

@media (min-width: 768px) {
  .emotion-0 {
    font-size: 3rem;
    line-height: 1;
  }
}

<h1
    class="emotion-0"
  >
    My title
  </h1>
</DocumentFragment>
`;
